// Jest Snapshot v1, https://goo.gl/fbAQLP

exports[`Should render ExpenseList with empty message 1`] = `
<div>
  <p>
    No Expenses
  </p>
</div>
`;

exports[`Should render ExpenseList with expenses 1`] = `
<div>
  <ExpenseListItem
    amount={1}
    createdAt={0}
    description="rent"
    id="1"
    key="1"
    note=""
  />
  <ExpenseListItem
    amount={10}
    createdAt={-345600000}
    description="rent1"
    id="2"
    key="2"
    note=""
  />
  <ExpenseListItem
    amount={100}
    createdAt={345600000}
    description="food"
    id="3"
    key="3"
    note=""
  />
</div>
`;
